// Jest Snapshot v1, https://goo.gl/fbAQLP

exports[`renders the UI as expected 1`] = `
<div
  id="Home"
>
  <div
    id="TopBar"
  >
    <div
      className="Container"
    >
      <a
        href="/"
        onClick={[Function]}
      >
        <h1>
          Scribblez
        </h1>
      </a>
      <ul>
        <li>
          <a
            href="/feed"
            onClick={[Function]}
          >
            Feed
          </a>
        </li>
        <li>
          <a
            href="/sign-up"
            onClick={[Function]}
          >
            Sign Up
          </a>
        </li>
        <li>
          <a
            href="/sign-in"
            onClick={[Function]}
          >
            Sign In
          </a>
        </li>
      </ul>
    </div>
  </div>
  <div
    className="Container"
  >
    <p>
      Scribblez is a note-sharing service that allows you to share your ideas with the world. Don't like sharing? That's okay you can make your notes private. We won't tell anyone.
    </p>
  </div>
</div>
`;
